// Jest Snapshot v1, https://goo.gl/fbAQLP

exports[`ListItem should render with correct href when on the main page 1`] = `
<div>
  <a
    class="item"
    href="/detail/1?search=&page=1"
  >
    <div
      class="content"
    >
      <input
        checked=""
        class="input"
        type="checkbox"
      />
      <div>
        test
      </div>
      <div />
    </div>
  </a>
</div>
`;
